Archive member included to satisfy reference by file (symbol)

/usr/lib/gcc/avr/5.4.0/avr5/libgcc.a(_exit.o)
                              /usr/lib/gcc/avr/5.4.0/../../../avr/lib/avr5/crtatmega32.o (exit)
/usr/lib/gcc/avr/5.4.0/avr5/libgcc.a(_tablejump2.o)
                              ./SEVSEG_prog.o (__tablejump2__)
/usr/lib/gcc/avr/5.4.0/../../../avr/lib/avr5/libm.a(cmpsf2.o)
                              ./main.o (__ltsf2)
/usr/lib/gcc/avr/5.4.0/../../../avr/lib/avr5/libm.a(fixunssfsi.o)
                              ./main.o (__fixunssfsi)
/usr/lib/gcc/avr/5.4.0/../../../avr/lib/avr5/libm.a(fp_cmp.o)
                              /usr/lib/gcc/avr/5.4.0/../../../avr/lib/avr5/libm.a(cmpsf2.o) (__fp_cmp)
/usr/lib/gcc/avr/5.4.0/../../../avr/lib/avr5/libm.a(fp_split3.o)
                              /usr/lib/gcc/avr/5.4.0/../../../avr/lib/avr5/libm.a(fixunssfsi.o) (__fp_splitA)
/usr/lib/gcc/avr/5.4.0/../../../avr/lib/avr5/libm.a(fp_zero.o)
                              /usr/lib/gcc/avr/5.4.0/../../../avr/lib/avr5/libm.a(fixunssfsi.o) (__fp_zero)
/usr/lib/gcc/avr/5.4.0/../../../avr/lib/avr5/libm.a(gesf2.o)
                              ./main.o (__gtsf2)
/usr/lib/gcc/avr/5.4.0/../../../avr/lib/avr5/libm.a(mulsf3.o)
                              ./main.o (__mulsf3)
/usr/lib/gcc/avr/5.4.0/../../../avr/lib/avr5/libm.a(mulsf3x.o)
                              /usr/lib/gcc/avr/5.4.0/../../../avr/lib/avr5/libm.a(mulsf3.o) (__mulsf3x)
/usr/lib/gcc/avr/5.4.0/../../../avr/lib/avr5/libm.a(fp_inf.o)
                              /usr/lib/gcc/avr/5.4.0/../../../avr/lib/avr5/libm.a(mulsf3x.o) (__fp_inf)
/usr/lib/gcc/avr/5.4.0/../../../avr/lib/avr5/libm.a(fp_nan.o)
                              /usr/lib/gcc/avr/5.4.0/../../../avr/lib/avr5/libm.a(mulsf3x.o) (__fp_nan)
/usr/lib/gcc/avr/5.4.0/../../../avr/lib/avr5/libm.a(fp_pscA.o)
                              /usr/lib/gcc/avr/5.4.0/../../../avr/lib/avr5/libm.a(mulsf3x.o) (__fp_pscA)
/usr/lib/gcc/avr/5.4.0/../../../avr/lib/avr5/libm.a(fp_pscB.o)
                              /usr/lib/gcc/avr/5.4.0/../../../avr/lib/avr5/libm.a(mulsf3x.o) (__fp_pscB)
/usr/lib/gcc/avr/5.4.0/../../../avr/lib/avr5/libm.a(fp_round.o)
                              /usr/lib/gcc/avr/5.4.0/../../../avr/lib/avr5/libm.a(mulsf3.o) (__fp_round)

Memory Configuration

Name             Origin             Length             Attributes
text             0x0000000000000000 0x0000000000020000 xr
data             0x0000000000800060 0x000000000000ffa0 rw !x
eeprom           0x0000000000810000 0x0000000000010000 rw !x
fuse             0x0000000000820000 0x0000000000000002 rw !x
lock             0x0000000000830000 0x0000000000000400 rw !x
signature        0x0000000000840000 0x0000000000000400 rw !x
user_signatures  0x0000000000850000 0x0000000000000400 rw !x
*default*        0x0000000000000000 0xffffffffffffffff

Linker script and memory map

LOAD /usr/lib/gcc/avr/5.4.0/../../../avr/lib/avr5/crtatmega32.o
LOAD ./DIO_prog.o
LOAD ./SEVSEG_prog.o
LOAD ./main.o
START GROUP
LOAD /usr/lib/gcc/avr/5.4.0/avr5/libgcc.a
LOAD /usr/lib/gcc/avr/5.4.0/../../../avr/lib/avr5/libm.a
LOAD /usr/lib/gcc/avr/5.4.0/../../../avr/lib/avr5/libc.a
LOAD /usr/lib/gcc/avr/5.4.0/../../../avr/lib/avr5/libatmega32.a
END GROUP
                0x0000000000020000                __TEXT_REGION_LENGTH__ = DEFINED (__TEXT_REGION_LENGTH__)?__TEXT_REGION_LENGTH__:0x20000
                0x000000000000ffa0                __DATA_REGION_LENGTH__ = DEFINED (__DATA_REGION_LENGTH__)?__DATA_REGION_LENGTH__:0xffa0
                0x0000000000010000                __EEPROM_REGION_LENGTH__ = DEFINED (__EEPROM_REGION_LENGTH__)?__EEPROM_REGION_LENGTH__:0x10000
                [0x0000000000000002]                __FUSE_REGION_LENGTH__ = DEFINED (__FUSE_REGION_LENGTH__)?__FUSE_REGION_LENGTH__:0x400
                0x0000000000000400                __LOCK_REGION_LENGTH__ = DEFINED (__LOCK_REGION_LENGTH__)?__LOCK_REGION_LENGTH__:0x400
                0x0000000000000400                __SIGNATURE_REGION_LENGTH__ = DEFINED (__SIGNATURE_REGION_LENGTH__)?__SIGNATURE_REGION_LENGTH__:0x400
                0x0000000000000400                __USER_SIGNATURE_REGION_LENGTH__ = DEFINED (__USER_SIGNATURE_REGION_LENGTH__)?__USER_SIGNATURE_REGION_LENGTH__:0x400

.hash
 *(.hash)

.dynsym
 *(.dynsym)

.dynstr
 *(.dynstr)

.gnu.version
 *(.gnu.version)

.gnu.version_d
 *(.gnu.version_d)

.gnu.version_r
 *(.gnu.version_r)

.rel.init
 *(.rel.init)

.rela.init
 *(.rela.init)

.rel.text
 *(.rel.text)
 *(.rel.text.*)
 *(.rel.gnu.linkonce.t*)

.rela.text
 *(.rela.text)
 *(.rela.text.*)
 *(.rela.gnu.linkonce.t*)

.rel.fini
 *(.rel.fini)

.rela.fini
 *(.rela.fini)

.rel.rodata
 *(.rel.rodata)
 *(.rel.rodata.*)
 *(.rel.gnu.linkonce.r*)

.rela.rodata
 *(.rela.rodata)
 *(.rela.rodata.*)
 *(.rela.gnu.linkonce.r*)

.rel.data
 *(.rel.data)
 *(.rel.data.*)
 *(.rel.gnu.linkonce.d*)

.rela.data
 *(.rela.data)
 *(.rela.data.*)
 *(.rela.gnu.linkonce.d*)

.rel.ctors
 *(.rel.ctors)

.rela.ctors
 *(.rela.ctors)

.rel.dtors
 *(.rel.dtors)

.rela.dtors
 *(.rela.dtors)

.rel.got
 *(.rel.got)

.rela.got
 *(.rela.got)

.rel.bss
 *(.rel.bss)

.rela.bss
 *(.rela.bss)

.rel.plt
 *(.rel.plt)

.rela.plt
 *(.rela.plt)

.text           0x0000000000000000      0xe70
 *(.vectors)
 .vectors       0x0000000000000000       0x54 /usr/lib/gcc/avr/5.4.0/../../../avr/lib/avr5/crtatmega32.o
                0x0000000000000000                __vectors
                0x0000000000000000                __vector_default
 *(.vectors)
 *(.progmem.gcc*)
 .progmem.gcc_sw_table.SEVSEG_voidDisplay
                0x0000000000000054       0x28 ./SEVSEG_prog.o
                0x000000000000007c                . = ALIGN (0x2)
                0x000000000000007c                __trampolines_start = .
 *(.trampolines)
 .trampolines   0x000000000000007c        0x0 linker stubs
 *(.trampolines*)
                0x000000000000007c                __trampolines_end = .
 *libprintf_flt.a:*(.progmem.data)
 *libc.a:*(.progmem.data)
 *(.progmem*)
                0x000000000000007c                . = ALIGN (0x2)
 *(.jumptables)
 *(.jumptables*)
 *(.lowtext)
 *(.lowtext*)
                0x000000000000007c                __ctors_start = .
 *(.ctors)
                0x000000000000007c                __ctors_end = .
                0x000000000000007c                __dtors_start = .
 *(.dtors)
                0x000000000000007c                __dtors_end = .
 SORT(*)(.ctors)
 SORT(*)(.dtors)
 *(.init0)
 .init0         0x000000000000007c        0x0 /usr/lib/gcc/avr/5.4.0/../../../avr/lib/avr5/crtatmega32.o
                0x000000000000007c                __init
 *(.init0)
 *(.init1)
 *(.init1)
 *(.init2)
 .init2         0x000000000000007c        0xc /usr/lib/gcc/avr/5.4.0/../../../avr/lib/avr5/crtatmega32.o
 *(.init2)
 *(.init3)
 *(.init3)
 *(.init4)
 *(.init4)
 *(.init5)
 *(.init5)
 *(.init6)
 *(.init6)
 *(.init7)
 *(.init7)
 *(.init8)
 *(.init8)
 *(.init9)
 .init9         0x0000000000000088        0x8 /usr/lib/gcc/avr/5.4.0/../../../avr/lib/avr5/crtatmega32.o
 *(.init9)
 *(.text)
 .text          0x0000000000000090        0x4 /usr/lib/gcc/avr/5.4.0/../../../avr/lib/avr5/crtatmega32.o
                0x0000000000000090                __vector_1
                0x0000000000000090                __vector_12
                0x0000000000000090                __bad_interrupt
                0x0000000000000090                __vector_6
                0x0000000000000090                __vector_3
                0x0000000000000090                __vector_11
                0x0000000000000090                __vector_13
                0x0000000000000090                __vector_17
                0x0000000000000090                __vector_19
                0x0000000000000090                __vector_7
                0x0000000000000090                __vector_5
                0x0000000000000090                __vector_4
                0x0000000000000090                __vector_9
                0x0000000000000090                __vector_2
                0x0000000000000090                __vector_15
                0x0000000000000090                __vector_8
                0x0000000000000090                __vector_14
                0x0000000000000090                __vector_10
                0x0000000000000090                __vector_16
                0x0000000000000090                __vector_18
                0x0000000000000090                __vector_20
 .text          0x0000000000000094        0x0 ./DIO_prog.o
 .text          0x0000000000000094        0x0 ./SEVSEG_prog.o
 .text          0x0000000000000094        0x0 ./main.o
 .text          0x0000000000000094        0x0 /usr/lib/gcc/avr/5.4.0/avr5/libgcc.a(_exit.o)
 .text          0x0000000000000094        0x0 /usr/lib/gcc/avr/5.4.0/avr5/libgcc.a(_tablejump2.o)
 .text          0x0000000000000094        0x0 /usr/lib/gcc/avr/5.4.0/../../../avr/lib/avr5/libm.a(cmpsf2.o)
 .text          0x0000000000000094        0x0 /usr/lib/gcc/avr/5.4.0/../../../avr/lib/avr5/libm.a(fixunssfsi.o)
 .text          0x0000000000000094        0x0 /usr/lib/gcc/avr/5.4.0/../../../avr/lib/avr5/libm.a(fp_cmp.o)
 .text          0x0000000000000094        0x0 /usr/lib/gcc/avr/5.4.0/../../../avr/lib/avr5/libm.a(fp_split3.o)
 .text          0x0000000000000094        0x0 /usr/lib/gcc/avr/5.4.0/../../../avr/lib/avr5/libm.a(fp_zero.o)
 .text          0x0000000000000094        0x0 /usr/lib/gcc/avr/5.4.0/../../../avr/lib/avr5/libm.a(gesf2.o)
 .text          0x0000000000000094        0x0 /usr/lib/gcc/avr/5.4.0/../../../avr/lib/avr5/libm.a(mulsf3.o)
 .text          0x0000000000000094        0x0 /usr/lib/gcc/avr/5.4.0/../../../avr/lib/avr5/libm.a(mulsf3x.o)
 .text          0x0000000000000094        0x0 /usr/lib/gcc/avr/5.4.0/../../../avr/lib/avr5/libm.a(fp_inf.o)
 .text          0x0000000000000094        0x0 /usr/lib/gcc/avr/5.4.0/../../../avr/lib/avr5/libm.a(fp_nan.o)
 .text          0x0000000000000094        0x0 /usr/lib/gcc/avr/5.4.0/../../../avr/lib/avr5/libm.a(fp_pscA.o)
 .text          0x0000000000000094        0x0 /usr/lib/gcc/avr/5.4.0/../../../avr/lib/avr5/libm.a(fp_pscB.o)
 .text          0x0000000000000094        0x0 /usr/lib/gcc/avr/5.4.0/../../../avr/lib/avr5/libm.a(fp_round.o)
                0x0000000000000094                . = ALIGN (0x2)
 *(.text.*)
 .text.DIO_voidInitialize
                0x0000000000000094       0x34 ./DIO_prog.o
                0x0000000000000094                DIO_voidInitialize
 .text.DIO_voidSetPin
                0x00000000000000c8      0x1fe ./DIO_prog.o
                0x00000000000000c8                DIO_voidSetPin
 .text.DIO_u8GetPin
                0x00000000000002c6       0xd4 ./DIO_prog.o
                0x00000000000002c6                DIO_u8GetPin
 .text.DIO_voidTogglePin
                0x000000000000039a       0xfa ./DIO_prog.o
                0x000000000000039a                DIO_voidTogglePin
 .text.SEVSEG_voidInitialize
                0x0000000000000494       0x10 ./SEVSEG_prog.o
                0x0000000000000494                SEVSEG_voidInitialize
 .text.SEVSEG_voidDisplay
                0x00000000000004a4      0x512 ./SEVSEG_prog.o
                0x00000000000004a4                SEVSEG_voidDisplay
 .text.SEVSEG_voidEnable
                0x00000000000009b6       0x3c ./SEVSEG_prog.o
                0x00000000000009b6                SEVSEG_voidEnable
 .text.SEVSEG_voidDisable
                0x00000000000009f2       0x3c ./SEVSEG_prog.o
                0x00000000000009f2                SEVSEG_voidDisable
 .text.main     0x0000000000000a2e      0x1fc ./main.o
                0x0000000000000a2e                main
 .text.libgcc.mul
                0x0000000000000c2a        0x0 /usr/lib/gcc/avr/5.4.0/avr5/libgcc.a(_exit.o)
 .text.libgcc.div
                0x0000000000000c2a        0x0 /usr/lib/gcc/avr/5.4.0/avr5/libgcc.a(_exit.o)
 .text.libgcc   0x0000000000000c2a        0x0 /usr/lib/gcc/avr/5.4.0/avr5/libgcc.a(_exit.o)
 .text.libgcc.prologue
                0x0000000000000c2a        0x0 /usr/lib/gcc/avr/5.4.0/avr5/libgcc.a(_exit.o)
 .text.libgcc.builtins
                0x0000000000000c2a        0x0 /usr/lib/gcc/avr/5.4.0/avr5/libgcc.a(_exit.o)
 .text.libgcc.fmul
                0x0000000000000c2a        0x0 /usr/lib/gcc/avr/5.4.0/avr5/libgcc.a(_exit.o)
 .text.libgcc.fixed
                0x0000000000000c2a        0x0 /usr/lib/gcc/avr/5.4.0/avr5/libgcc.a(_exit.o)
 .text.libgcc.mul
                0x0000000000000c2a        0x0 /usr/lib/gcc/avr/5.4.0/avr5/libgcc.a(_tablejump2.o)
 .text.libgcc.div
                0x0000000000000c2a        0x0 /usr/lib/gcc/avr/5.4.0/avr5/libgcc.a(_tablejump2.o)
 .text.libgcc   0x0000000000000c2a        0xc /usr/lib/gcc/avr/5.4.0/avr5/libgcc.a(_tablejump2.o)
                0x0000000000000c2a                __tablejump2__
 .text.libgcc.prologue
                0x0000000000000c36        0x0 /usr/lib/gcc/avr/5.4.0/avr5/libgcc.a(_tablejump2.o)
 .text.libgcc.builtins
                0x0000000000000c36        0x0 /usr/lib/gcc/avr/5.4.0/avr5/libgcc.a(_tablejump2.o)
 .text.libgcc.fmul
                0x0000000000000c36        0x0 /usr/lib/gcc/avr/5.4.0/avr5/libgcc.a(_tablejump2.o)
 .text.libgcc.fixed
                0x0000000000000c36        0x0 /usr/lib/gcc/avr/5.4.0/avr5/libgcc.a(_tablejump2.o)
 .text.avr-libc.fplib
                0x0000000000000c36        0xa /usr/lib/gcc/avr/5.4.0/../../../avr/lib/avr5/libm.a(cmpsf2.o)
                0x0000000000000c36                __lesf2
                0x0000000000000c36                __nesf2
                0x0000000000000c36                __eqsf2
                0x0000000000000c36                __cmpsf2
                0x0000000000000c36                __ltsf2
 .text.avr-libc.fplib
                0x0000000000000c40       0x5e /usr/lib/gcc/avr/5.4.0/../../../avr/lib/avr5/libm.a(fixunssfsi.o)
                0x0000000000000c40                __fixunssfsi
 .text.avr-libc.fplib
                0x0000000000000c9e       0x48 /usr/lib/gcc/avr/5.4.0/../../../avr/lib/avr5/libm.a(fp_cmp.o)
                0x0000000000000c9e                __fp_cmp
 .text.avr-libc.fplib
                0x0000000000000ce6       0x44 /usr/lib/gcc/avr/5.4.0/../../../avr/lib/avr5/libm.a(fp_split3.o)
                0x0000000000000ce6                __fp_split3
                0x0000000000000cf6                __fp_splitA
 .text.avr-libc.fplib
                0x0000000000000d2a        0xe /usr/lib/gcc/avr/5.4.0/../../../avr/lib/avr5/libm.a(fp_zero.o)
                0x0000000000000d2a                __fp_zero
                0x0000000000000d2c                __fp_szero
 .text.avr-libc.fplib
                0x0000000000000d38        0xa /usr/lib/gcc/avr/5.4.0/../../../avr/lib/avr5/libm.a(gesf2.o)
                0x0000000000000d38                __gtsf2
                0x0000000000000d38                __gesf2
 .text.avr-libc.fplib
                0x0000000000000d42        0x8 /usr/lib/gcc/avr/5.4.0/../../../avr/lib/avr5/libm.a(mulsf3.o)
                0x0000000000000d42                __mulsf3
 .text.avr-libc.fplib
                0x0000000000000d4a       0xd2 /usr/lib/gcc/avr/5.4.0/../../../avr/lib/avr5/libm.a(mulsf3x.o)
                0x0000000000000d68                __mulsf3x
                0x0000000000000d6e                __mulsf3_pse
 .text.avr-libc.fplib
                0x0000000000000e1c        0xc /usr/lib/gcc/avr/5.4.0/../../../avr/lib/avr5/libm.a(fp_inf.o)
                0x0000000000000e1c                __fp_inf
 .text.avr-libc.fplib
                0x0000000000000e28        0x6 /usr/lib/gcc/avr/5.4.0/../../../avr/lib/avr5/libm.a(fp_nan.o)
                0x0000000000000e28                __fp_nan
 .text.avr-libc.fplib
                0x0000000000000e2e        0xe /usr/lib/gcc/avr/5.4.0/../../../avr/lib/avr5/libm.a(fp_pscA.o)
                0x0000000000000e2e                __fp_pscA
 .text.avr-libc.fplib
                0x0000000000000e3c        0xe /usr/lib/gcc/avr/5.4.0/../../../avr/lib/avr5/libm.a(fp_pscB.o)
                0x0000000000000e3c                __fp_pscB
 .text.avr-libc.fplib
                0x0000000000000e4a       0x22 /usr/lib/gcc/avr/5.4.0/../../../avr/lib/avr5/libm.a(fp_round.o)
                0x0000000000000e4a                __fp_round
                0x0000000000000e6c                . = ALIGN (0x2)
 *(.fini9)
 .fini9         0x0000000000000e6c        0x0 /usr/lib/gcc/avr/5.4.0/avr5/libgcc.a(_exit.o)
                0x0000000000000e6c                exit
                0x0000000000000e6c                _exit
 *(.fini9)
 *(.fini8)
 *(.fini8)
 *(.fini7)
 *(.fini7)
 *(.fini6)
 *(.fini6)
 *(.fini5)
 *(.fini5)
 *(.fini4)
 *(.fini4)
 *(.fini3)
 *(.fini3)
 *(.fini2)
 *(.fini2)
 *(.fini1)
 *(.fini1)
 *(.fini0)
 .fini0         0x0000000000000e6c        0x4 /usr/lib/gcc/avr/5.4.0/avr5/libgcc.a(_exit.o)
 *(.fini0)
                0x0000000000000e70                _etext = .

.data           0x0000000000800060        0x0 load address 0x0000000000000e70
                [!provide]                        PROVIDE (__data_start, .)
 *(.data)
 .data          0x0000000000800060        0x0 /usr/lib/gcc/avr/5.4.0/../../../avr/lib/avr5/crtatmega32.o
 .data          0x0000000000800060        0x0 ./DIO_prog.o
 .data          0x0000000000800060        0x0 ./SEVSEG_prog.o
 .data          0x0000000000800060        0x0 ./main.o
 .data          0x0000000000800060        0x0 /usr/lib/gcc/avr/5.4.0/avr5/libgcc.a(_exit.o)
 .data          0x0000000000800060        0x0 /usr/lib/gcc/avr/5.4.0/avr5/libgcc.a(_tablejump2.o)
 .data          0x0000000000800060        0x0 /usr/lib/gcc/avr/5.4.0/../../../avr/lib/avr5/libm.a(cmpsf2.o)
 .data          0x0000000000800060        0x0 /usr/lib/gcc/avr/5.4.0/../../../avr/lib/avr5/libm.a(fixunssfsi.o)
 .data          0x0000000000800060        0x0 /usr/lib/gcc/avr/5.4.0/../../../avr/lib/avr5/libm.a(fp_cmp.o)
 .data          0x0000000000800060        0x0 /usr/lib/gcc/avr/5.4.0/../../../avr/lib/avr5/libm.a(fp_split3.o)
 .data          0x0000000000800060        0x0 /usr/lib/gcc/avr/5.4.0/../../../avr/lib/avr5/libm.a(fp_zero.o)
 .data          0x0000000000800060        0x0 /usr/lib/gcc/avr/5.4.0/../../../avr/lib/avr5/libm.a(gesf2.o)
 .data          0x0000000000800060        0x0 /usr/lib/gcc/avr/5.4.0/../../../avr/lib/avr5/libm.a(mulsf3.o)
 .data          0x0000000000800060        0x0 /usr/lib/gcc/avr/5.4.0/../../../avr/lib/avr5/libm.a(mulsf3x.o)
 .data          0x0000000000800060        0x0 /usr/lib/gcc/avr/5.4.0/../../../avr/lib/avr5/libm.a(fp_inf.o)
 .data          0x0000000000800060        0x0 /usr/lib/gcc/avr/5.4.0/../../../avr/lib/avr5/libm.a(fp_nan.o)
 .data          0x0000000000800060        0x0 /usr/lib/gcc/avr/5.4.0/../../../avr/lib/avr5/libm.a(fp_pscA.o)
 .data          0x0000000000800060        0x0 /usr/lib/gcc/avr/5.4.0/../../../avr/lib/avr5/libm.a(fp_pscB.o)
 .data          0x0000000000800060        0x0 /usr/lib/gcc/avr/5.4.0/../../../avr/lib/avr5/libm.a(fp_round.o)
 *(.data*)
 *(.rodata)
 *(.rodata*)
 *(.gnu.linkonce.d*)
                0x0000000000800060                . = ALIGN (0x2)
                0x0000000000800060                _edata = .
                [!provide]                        PROVIDE (__data_end, .)

.bss            0x0000000000800060        0x0
                [!provide]                        PROVIDE (__bss_start, .)
 *(.bss)
 .bss           0x0000000000800060        0x0 /usr/lib/gcc/avr/5.4.0/../../../avr/lib/avr5/crtatmega32.o
 .bss           0x0000000000800060        0x0 ./DIO_prog.o
 .bss           0x0000000000800060        0x0 ./SEVSEG_prog.o
 .bss           0x0000000000800060        0x0 ./main.o
 .bss           0x0000000000800060        0x0 /usr/lib/gcc/avr/5.4.0/avr5/libgcc.a(_exit.o)
 .bss           0x0000000000800060        0x0 /usr/lib/gcc/avr/5.4.0/avr5/libgcc.a(_tablejump2.o)
 .bss           0x0000000000800060        0x0 /usr/lib/gcc/avr/5.4.0/../../../avr/lib/avr5/libm.a(cmpsf2.o)
 .bss           0x0000000000800060        0x0 /usr/lib/gcc/avr/5.4.0/../../../avr/lib/avr5/libm.a(fixunssfsi.o)
 .bss           0x0000000000800060        0x0 /usr/lib/gcc/avr/5.4.0/../../../avr/lib/avr5/libm.a(fp_cmp.o)
 .bss           0x0000000000800060        0x0 /usr/lib/gcc/avr/5.4.0/../../../avr/lib/avr5/libm.a(fp_split3.o)
 .bss           0x0000000000800060        0x0 /usr/lib/gcc/avr/5.4.0/../../../avr/lib/avr5/libm.a(fp_zero.o)
 .bss           0x0000000000800060        0x0 /usr/lib/gcc/avr/5.4.0/../../../avr/lib/avr5/libm.a(gesf2.o)
 .bss           0x0000000000800060        0x0 /usr/lib/gcc/avr/5.4.0/../../../avr/lib/avr5/libm.a(mulsf3.o)
 .bss           0x0000000000800060        0x0 /usr/lib/gcc/avr/5.4.0/../../../avr/lib/avr5/libm.a(mulsf3x.o)
 .bss           0x0000000000800060        0x0 /usr/lib/gcc/avr/5.4.0/../../../avr/lib/avr5/libm.a(fp_inf.o)
 .bss           0x0000000000800060        0x0 /usr/lib/gcc/avr/5.4.0/../../../avr/lib/avr5/libm.a(fp_nan.o)
 .bss           0x0000000000800060        0x0 /usr/lib/gcc/avr/5.4.0/../../../avr/lib/avr5/libm.a(fp_pscA.o)
 .bss           0x0000000000800060        0x0 /usr/lib/gcc/avr/5.4.0/../../../avr/lib/avr5/libm.a(fp_pscB.o)
 .bss           0x0000000000800060        0x0 /usr/lib/gcc/avr/5.4.0/../../../avr/lib/avr5/libm.a(fp_round.o)
 *(.bss*)
 *(COMMON)
                [!provide]                        PROVIDE (__bss_end, .)
                0x0000000000000e70                __data_load_start = LOADADDR (.data)
                0x0000000000000e70                __data_load_end = (__data_load_start + SIZEOF (.data))

.noinit         0x0000000000800060        0x0
                [!provide]                        PROVIDE (__noinit_start, .)
 *(.noinit*)
                [!provide]                        PROVIDE (__noinit_end, .)
                0x0000000000800060                _end = .
                [!provide]                        PROVIDE (__heap_start, .)

.eeprom         0x0000000000810000        0x0
 *(.eeprom*)
                0x0000000000810000                __eeprom_end = .

.fuse
 *(.fuse)
 *(.lfuse)
 *(.hfuse)
 *(.efuse)

.lock
 *(.lock*)

.signature
 *(.signature*)

.user_signatures
 *(.user_signatures*)

.stab           0x0000000000000000     0x189c
 *(.stab)
 .stab          0x0000000000000000      0x870 ./DIO_prog.o
 .stab          0x0000000000000870      0xb94 ./SEVSEG_prog.o
                                        0xc0c (size before relaxing)
 .stab          0x0000000000001404      0x498 ./main.o
                                        0x69c (size before relaxing)

.stabstr        0x0000000000000000      0xda1
 *(.stabstr)
 .stabstr       0x0000000000000000      0xda1 ./DIO_prog.o

.stab.excl
 *(.stab.excl)

.stab.exclstr
 *(.stab.exclstr)

.stab.index
 *(.stab.index)

.stab.indexstr
 *(.stab.indexstr)

.comment        0x0000000000000000       0x11
 *(.comment)
 .comment       0x0000000000000000       0x11 ./DIO_prog.o
                                         0x12 (size before relaxing)
 .comment       0x0000000000000011       0x12 ./SEVSEG_prog.o
 .comment       0x0000000000000011       0x12 ./main.o

.note.gnu.avr.deviceinfo
                0x0000000000000000       0x3c
 .note.gnu.avr.deviceinfo
                0x0000000000000000       0x3c /usr/lib/gcc/avr/5.4.0/../../../avr/lib/avr5/crtatmega32.o

.note.gnu.build-id
 *(.note.gnu.build-id)

.debug
 *(.debug)

.line
 *(.line)

.debug_srcinfo
 *(.debug_srcinfo)

.debug_sfnames
 *(.debug_sfnames)

.debug_aranges
 *(.debug_aranges)

.debug_pubnames
 *(.debug_pubnames)

.debug_info     0x0000000000000000      0x4e6
 *(.debug_info .gnu.linkonce.wi.*)
 .debug_info    0x0000000000000000      0x4e6 /usr/lib/gcc/avr/5.4.0/../../../avr/lib/avr5/crtatmega32.o

.debug_abbrev   0x0000000000000000      0x4a3
 *(.debug_abbrev)
 .debug_abbrev  0x0000000000000000      0x4a3 /usr/lib/gcc/avr/5.4.0/../../../avr/lib/avr5/crtatmega32.o

.debug_line     0x0000000000000000       0x1a
 *(.debug_line .debug_line.* .debug_line_end)
 .debug_line    0x0000000000000000       0x1a /usr/lib/gcc/avr/5.4.0/../../../avr/lib/avr5/crtatmega32.o

.debug_frame
 *(.debug_frame)

.debug_str      0x0000000000000000      0x196
 *(.debug_str)
 .debug_str     0x0000000000000000      0x196 /usr/lib/gcc/avr/5.4.0/../../../avr/lib/avr5/crtatmega32.o

.debug_loc
 *(.debug_loc)

.debug_macinfo
 *(.debug_macinfo)

.debug_weaknames
 *(.debug_weaknames)

.debug_funcnames
 *(.debug_funcnames)

.debug_typenames
 *(.debug_typenames)

.debug_varnames
 *(.debug_varnames)

.debug_pubtypes
 *(.debug_pubtypes)

.debug_ranges
 *(.debug_ranges)

.debug_macro
 *(.debug_macro)
OUTPUT(SEVSEG_driver.elf elf32-avr)
LOAD linker stubs
