Archive member included to satisfy reference by file (symbol)

/usr/lib/gcc/avr/5.4.0/avr5/libgcc.a(_udivmodsi4.o)
                              ./RTOS_prog.o (__udivmodsi4)
/usr/lib/gcc/avr/5.4.0/avr5/libgcc.a(_exit.o)
                              /usr/lib/gcc/avr/5.4.0/../../../avr/lib/avr5/crtatmega32.o (exit)
/usr/lib/gcc/avr/5.4.0/avr5/libgcc.a(_tablejump2.o)
                              ./LED_prog.o (__tablejump2__)
/usr/lib/gcc/avr/5.4.0/avr5/libgcc.a(_copy_data.o)
                              ./RTOS_prog.o (__do_copy_data)
/usr/lib/gcc/avr/5.4.0/avr5/libgcc.a(_clear_bss.o)
                              ./RTOS_prog.o (__do_clear_bss)

Memory Configuration

Name             Origin             Length             Attributes
text             0x0000000000000000 0x0000000000020000 xr
data             0x0000000000800060 0x000000000000ffa0 rw !x
eeprom           0x0000000000810000 0x0000000000010000 rw !x
fuse             0x0000000000820000 0x0000000000000002 rw !x
lock             0x0000000000830000 0x0000000000000400 rw !x
signature        0x0000000000840000 0x0000000000000400 rw !x
user_signatures  0x0000000000850000 0x0000000000000400 rw !x
*default*        0x0000000000000000 0xffffffffffffffff

Linker script and memory map

LOAD /usr/lib/gcc/avr/5.4.0/../../../avr/lib/avr5/crtatmega32.o
LOAD ./DIO_prog.o
LOAD ./GIE_prog.o
LOAD ./LED_prog.o
LOAD ./RTOS_prog.o
LOAD ./TIM0_prog.o
LOAD ./main.o
START GROUP
LOAD /usr/lib/gcc/avr/5.4.0/avr5/libgcc.a
LOAD /usr/lib/gcc/avr/5.4.0/../../../avr/lib/avr5/libm.a
LOAD /usr/lib/gcc/avr/5.4.0/../../../avr/lib/avr5/libc.a
LOAD /usr/lib/gcc/avr/5.4.0/../../../avr/lib/avr5/libatmega32.a
END GROUP
                0x0000000000020000                __TEXT_REGION_LENGTH__ = DEFINED (__TEXT_REGION_LENGTH__)?__TEXT_REGION_LENGTH__:0x20000
                0x000000000000ffa0                __DATA_REGION_LENGTH__ = DEFINED (__DATA_REGION_LENGTH__)?__DATA_REGION_LENGTH__:0xffa0
                0x0000000000010000                __EEPROM_REGION_LENGTH__ = DEFINED (__EEPROM_REGION_LENGTH__)?__EEPROM_REGION_LENGTH__:0x10000
                [0x0000000000000002]                __FUSE_REGION_LENGTH__ = DEFINED (__FUSE_REGION_LENGTH__)?__FUSE_REGION_LENGTH__:0x400
                0x0000000000000400                __LOCK_REGION_LENGTH__ = DEFINED (__LOCK_REGION_LENGTH__)?__LOCK_REGION_LENGTH__:0x400
                0x0000000000000400                __SIGNATURE_REGION_LENGTH__ = DEFINED (__SIGNATURE_REGION_LENGTH__)?__SIGNATURE_REGION_LENGTH__:0x400
                0x0000000000000400                __USER_SIGNATURE_REGION_LENGTH__ = DEFINED (__USER_SIGNATURE_REGION_LENGTH__)?__USER_SIGNATURE_REGION_LENGTH__:0x400

.hash
 *(.hash)

.dynsym
 *(.dynsym)

.dynstr
 *(.dynstr)

.gnu.version
 *(.gnu.version)

.gnu.version_d
 *(.gnu.version_d)

.gnu.version_r
 *(.gnu.version_r)

.rel.init
 *(.rel.init)

.rela.init
 *(.rela.init)

.rel.text
 *(.rel.text)
 *(.rel.text.*)
 *(.rel.gnu.linkonce.t*)

.rela.text
 *(.rela.text)
 *(.rela.text.*)
 *(.rela.gnu.linkonce.t*)

.rel.fini
 *(.rel.fini)

.rela.fini
 *(.rela.fini)

.rel.rodata
 *(.rel.rodata)
 *(.rel.rodata.*)
 *(.rel.gnu.linkonce.r*)

.rela.rodata
 *(.rela.rodata)
 *(.rela.rodata.*)
 *(.rela.gnu.linkonce.r*)

.rel.data
 *(.rel.data)
 *(.rel.data.*)
 *(.rel.gnu.linkonce.d*)

.rela.data
 *(.rela.data)
 *(.rela.data.*)
 *(.rela.gnu.linkonce.d*)

.rel.ctors
 *(.rel.ctors)

.rela.ctors
 *(.rela.ctors)

.rel.dtors
 *(.rel.dtors)

.rela.dtors
 *(.rela.dtors)

.rel.got
 *(.rel.got)

.rela.got
 *(.rela.got)

.rel.bss
 *(.rel.bss)

.rela.bss
 *(.rela.bss)

.rel.plt
 *(.rel.plt)

.rela.plt
 *(.rela.plt)

.text           0x0000000000000000      0xcec
 *(.vectors)
 .vectors       0x0000000000000000       0x54 /usr/lib/gcc/avr/5.4.0/../../../avr/lib/avr5/crtatmega32.o
                0x0000000000000000                __vectors
                0x0000000000000000                __vector_default
 *(.vectors)
 *(.progmem.gcc*)
 .progmem.gcc_sw_table.LED_voidON
                0x0000000000000054       0x40 ./LED_prog.o
 .progmem.gcc_sw_table.LED_voidOff
                0x0000000000000094       0x40 ./LED_prog.o
 .progmem.gcc_sw_table.LED_voidToggle
                0x00000000000000d4       0x40 ./LED_prog.o
                0x0000000000000114                . = ALIGN (0x2)
                0x0000000000000114                __trampolines_start = .
 *(.trampolines)
 .trampolines   0x0000000000000114        0x0 linker stubs
 *(.trampolines*)
                0x0000000000000114                __trampolines_end = .
 *libprintf_flt.a:*(.progmem.data)
 *libc.a:*(.progmem.data)
 *(.progmem*)
                0x0000000000000114                . = ALIGN (0x2)
 *(.jumptables)
 *(.jumptables*)
 *(.lowtext)
 *(.lowtext*)
                0x0000000000000114                __ctors_start = .
 *(.ctors)
                0x0000000000000114                __ctors_end = .
                0x0000000000000114                __dtors_start = .
 *(.dtors)
                0x0000000000000114                __dtors_end = .
 SORT(*)(.ctors)
 SORT(*)(.dtors)
 *(.init0)
 .init0         0x0000000000000114        0x0 /usr/lib/gcc/avr/5.4.0/../../../avr/lib/avr5/crtatmega32.o
                0x0000000000000114                __init
 *(.init0)
 *(.init1)
 *(.init1)
 *(.init2)
 .init2         0x0000000000000114        0xc /usr/lib/gcc/avr/5.4.0/../../../avr/lib/avr5/crtatmega32.o
 *(.init2)
 *(.init3)
 *(.init3)
 *(.init4)
 .init4         0x0000000000000120       0x16 /usr/lib/gcc/avr/5.4.0/avr5/libgcc.a(_copy_data.o)
                0x0000000000000120                __do_copy_data
 .init4         0x0000000000000136       0x10 /usr/lib/gcc/avr/5.4.0/avr5/libgcc.a(_clear_bss.o)
                0x0000000000000136                __do_clear_bss
 *(.init4)
 *(.init5)
 *(.init5)
 *(.init6)
 *(.init6)
 *(.init7)
 *(.init7)
 *(.init8)
 *(.init8)
 *(.init9)
 .init9         0x0000000000000146        0x8 /usr/lib/gcc/avr/5.4.0/../../../avr/lib/avr5/crtatmega32.o
 *(.init9)
 *(.text)
 .text          0x000000000000014e        0x4 /usr/lib/gcc/avr/5.4.0/../../../avr/lib/avr5/crtatmega32.o
                0x000000000000014e                __vector_1
                0x000000000000014e                __vector_12
                0x000000000000014e                __bad_interrupt
                0x000000000000014e                __vector_6
                0x000000000000014e                __vector_3
                0x000000000000014e                __vector_13
                0x000000000000014e                __vector_17
                0x000000000000014e                __vector_19
                0x000000000000014e                __vector_7
                0x000000000000014e                __vector_5
                0x000000000000014e                __vector_4
                0x000000000000014e                __vector_9
                0x000000000000014e                __vector_2
                0x000000000000014e                __vector_15
                0x000000000000014e                __vector_8
                0x000000000000014e                __vector_14
                0x000000000000014e                __vector_10
                0x000000000000014e                __vector_16
                0x000000000000014e                __vector_18
                0x000000000000014e                __vector_20
 .text          0x0000000000000152        0x0 ./DIO_prog.o
 .text          0x0000000000000152        0x0 ./GIE_prog.o
 .text          0x0000000000000152        0x0 ./LED_prog.o
 .text          0x0000000000000152        0x0 ./RTOS_prog.o
 .text          0x0000000000000152        0x0 ./TIM0_prog.o
 .text          0x0000000000000152        0x0 ./main.o
 .text          0x0000000000000152        0x0 /usr/lib/gcc/avr/5.4.0/avr5/libgcc.a(_udivmodsi4.o)
 .text          0x0000000000000152        0x0 /usr/lib/gcc/avr/5.4.0/avr5/libgcc.a(_exit.o)
 .text          0x0000000000000152        0x0 /usr/lib/gcc/avr/5.4.0/avr5/libgcc.a(_tablejump2.o)
 .text          0x0000000000000152        0x0 /usr/lib/gcc/avr/5.4.0/avr5/libgcc.a(_copy_data.o)
 .text          0x0000000000000152        0x0 /usr/lib/gcc/avr/5.4.0/avr5/libgcc.a(_clear_bss.o)
                0x0000000000000152                . = ALIGN (0x2)
 *(.text.*)
 .text.DIO_voidInitialize
                0x0000000000000152       0x32 ./DIO_prog.o
                0x0000000000000152                DIO_voidInitialize
 .text.DIO_voidSetPin
                0x0000000000000184      0x1fe ./DIO_prog.o
                0x0000000000000184                DIO_voidSetPin
 .text.DIO_u8GetPin
                0x0000000000000382       0xd4 ./DIO_prog.o
                0x0000000000000382                DIO_u8GetPin
 .text.DIO_voidTogglePin
                0x0000000000000456       0xfa ./DIO_prog.o
                0x0000000000000456                DIO_voidTogglePin
 .text.GIE_voidEnable
                0x0000000000000550       0x22 ./GIE_prog.o
                0x0000000000000550                GIE_voidEnable
 .text.GIE_voidDisable
                0x0000000000000572       0x22 ./GIE_prog.o
                0x0000000000000572                GIE_voidDisable
 .text.LED_voidInitialize
                0x0000000000000594       0x10 ./LED_prog.o
                0x0000000000000594                LED_voidInitialize
 .text.LED_voidON
                0x00000000000005a4      0x182 ./LED_prog.o
                0x00000000000005a4                LED_voidON
 .text.LED_voidOff
                0x0000000000000726      0x182 ./LED_prog.o
                0x0000000000000726                LED_voidOff
 .text.LED_voidToggle
                0x00000000000008a8      0x142 ./LED_prog.o
                0x00000000000008a8                LED_voidToggle
 .text.LED_oneToggle
                0x00000000000009ea       0x16 ./RTOS_prog.o
                0x00000000000009ea                LED_oneToggle
 .text.LED_twoToggle
                0x0000000000000a00       0x16 ./RTOS_prog.o
                0x0000000000000a00                LED_twoToggle
 .text.LED_threeToggle
                0x0000000000000a16       0x16 ./RTOS_prog.o
                0x0000000000000a16                LED_threeToggle
 .text.LED_fourToggle
                0x0000000000000a2c       0x16 ./RTOS_prog.o
                0x0000000000000a2c                LED_fourToggle
 .text.RTOS_initialize
                0x0000000000000a42       0x1e ./RTOS_prog.o
                0x0000000000000a42                RTOS_initialize
 .text.kernel   0x0000000000000a60       0x50 ./RTOS_prog.o
                0x0000000000000a60                kernel
 .text.scheduler
                0x0000000000000ab0       0x96 ./RTOS_prog.o
                0x0000000000000ab0                scheduler
 .text.TIM0_voidInitialize
                0x0000000000000b46       0x3e ./TIM0_prog.o
                0x0000000000000b46                TIM0_voidInitialize
 .text.TIM0_voidEnableInt
                0x0000000000000b84       0x22 ./TIM0_prog.o
                0x0000000000000b84                TIM0_voidEnableInt
 .text.TIM0_voidDisableInt
                0x0000000000000ba6       0x22 ./TIM0_prog.o
                0x0000000000000ba6                TIM0_voidDisableInt
 .text.TIM0_voidSetRegister
                0x0000000000000bc8       0x20 ./TIM0_prog.o
                0x0000000000000bc8                TIM0_voidSetRegister
 .text.TIM0_voidSetCallBack
                0x0000000000000be8       0x26 ./TIM0_prog.o
                0x0000000000000be8                TIM0_voidSetCallBack
 .text.__vector_11
                0x0000000000000c0e       0x62 ./TIM0_prog.o
                0x0000000000000c0e                __vector_11
 .text.main     0x0000000000000c70       0x28 ./main.o
                0x0000000000000c70                main
 .text.libgcc.mul
                0x0000000000000c98        0x0 /usr/lib/gcc/avr/5.4.0/avr5/libgcc.a(_udivmodsi4.o)
 .text.libgcc.div
                0x0000000000000c98       0x44 /usr/lib/gcc/avr/5.4.0/avr5/libgcc.a(_udivmodsi4.o)
                0x0000000000000c98                __udivmodsi4
 .text.libgcc   0x0000000000000cdc        0x0 /usr/lib/gcc/avr/5.4.0/avr5/libgcc.a(_udivmodsi4.o)
 .text.libgcc.prologue
                0x0000000000000cdc        0x0 /usr/lib/gcc/avr/5.4.0/avr5/libgcc.a(_udivmodsi4.o)
 .text.libgcc.builtins
                0x0000000000000cdc        0x0 /usr/lib/gcc/avr/5.4.0/avr5/libgcc.a(_udivmodsi4.o)
 .text.libgcc.fmul
                0x0000000000000cdc        0x0 /usr/lib/gcc/avr/5.4.0/avr5/libgcc.a(_udivmodsi4.o)
 .text.libgcc.fixed
                0x0000000000000cdc        0x0 /usr/lib/gcc/avr/5.4.0/avr5/libgcc.a(_udivmodsi4.o)
 .text.libgcc.mul
                0x0000000000000cdc        0x0 /usr/lib/gcc/avr/5.4.0/avr5/libgcc.a(_exit.o)
 .text.libgcc.div
                0x0000000000000cdc        0x0 /usr/lib/gcc/avr/5.4.0/avr5/libgcc.a(_exit.o)
 .text.libgcc   0x0000000000000cdc        0x0 /usr/lib/gcc/avr/5.4.0/avr5/libgcc.a(_exit.o)
 .text.libgcc.prologue
                0x0000000000000cdc        0x0 /usr/lib/gcc/avr/5.4.0/avr5/libgcc.a(_exit.o)
 .text.libgcc.builtins
                0x0000000000000cdc        0x0 /usr/lib/gcc/avr/5.4.0/avr5/libgcc.a(_exit.o)
 .text.libgcc.fmul
                0x0000000000000cdc        0x0 /usr/lib/gcc/avr/5.4.0/avr5/libgcc.a(_exit.o)
 .text.libgcc.fixed
                0x0000000000000cdc        0x0 /usr/lib/gcc/avr/5.4.0/avr5/libgcc.a(_exit.o)
 .text.libgcc.mul
                0x0000000000000cdc        0x0 /usr/lib/gcc/avr/5.4.0/avr5/libgcc.a(_tablejump2.o)
 .text.libgcc.div
                0x0000000000000cdc        0x0 /usr/lib/gcc/avr/5.4.0/avr5/libgcc.a(_tablejump2.o)
 .text.libgcc   0x0000000000000cdc        0xc /usr/lib/gcc/avr/5.4.0/avr5/libgcc.a(_tablejump2.o)
                0x0000000000000cdc                __tablejump2__
 .text.libgcc.prologue
                0x0000000000000ce8        0x0 /usr/lib/gcc/avr/5.4.0/avr5/libgcc.a(_tablejump2.o)
 .text.libgcc.builtins
                0x0000000000000ce8        0x0 /usr/lib/gcc/avr/5.4.0/avr5/libgcc.a(_tablejump2.o)
 .text.libgcc.fmul
                0x0000000000000ce8        0x0 /usr/lib/gcc/avr/5.4.0/avr5/libgcc.a(_tablejump2.o)
 .text.libgcc.fixed
                0x0000000000000ce8        0x0 /usr/lib/gcc/avr/5.4.0/avr5/libgcc.a(_tablejump2.o)
 .text.libgcc.mul
                0x0000000000000ce8        0x0 /usr/lib/gcc/avr/5.4.0/avr5/libgcc.a(_copy_data.o)
 .text.libgcc.div
                0x0000000000000ce8        0x0 /usr/lib/gcc/avr/5.4.0/avr5/libgcc.a(_copy_data.o)
 .text.libgcc   0x0000000000000ce8        0x0 /usr/lib/gcc/avr/5.4.0/avr5/libgcc.a(_copy_data.o)
 .text.libgcc.prologue
                0x0000000000000ce8        0x0 /usr/lib/gcc/avr/5.4.0/avr5/libgcc.a(_copy_data.o)
 .text.libgcc.builtins
                0x0000000000000ce8        0x0 /usr/lib/gcc/avr/5.4.0/avr5/libgcc.a(_copy_data.o)
 .text.libgcc.fmul
                0x0000000000000ce8        0x0 /usr/lib/gcc/avr/5.4.0/avr5/libgcc.a(_copy_data.o)
 .text.libgcc.fixed
                0x0000000000000ce8        0x0 /usr/lib/gcc/avr/5.4.0/avr5/libgcc.a(_copy_data.o)
 .text.libgcc.mul
                0x0000000000000ce8        0x0 /usr/lib/gcc/avr/5.4.0/avr5/libgcc.a(_clear_bss.o)
 .text.libgcc.div
                0x0000000000000ce8        0x0 /usr/lib/gcc/avr/5.4.0/avr5/libgcc.a(_clear_bss.o)
 .text.libgcc   0x0000000000000ce8        0x0 /usr/lib/gcc/avr/5.4.0/avr5/libgcc.a(_clear_bss.o)
 .text.libgcc.prologue
                0x0000000000000ce8        0x0 /usr/lib/gcc/avr/5.4.0/avr5/libgcc.a(_clear_bss.o)
 .text.libgcc.builtins
                0x0000000000000ce8        0x0 /usr/lib/gcc/avr/5.4.0/avr5/libgcc.a(_clear_bss.o)
 .text.libgcc.fmul
                0x0000000000000ce8        0x0 /usr/lib/gcc/avr/5.4.0/avr5/libgcc.a(_clear_bss.o)
 .text.libgcc.fixed
                0x0000000000000ce8        0x0 /usr/lib/gcc/avr/5.4.0/avr5/libgcc.a(_clear_bss.o)
                0x0000000000000ce8                . = ALIGN (0x2)
 *(.fini9)
 .fini9         0x0000000000000ce8        0x0 /usr/lib/gcc/avr/5.4.0/avr5/libgcc.a(_exit.o)
                0x0000000000000ce8                exit
                0x0000000000000ce8                _exit
 *(.fini9)
 *(.fini8)
 *(.fini8)
 *(.fini7)
 *(.fini7)
 *(.fini6)
 *(.fini6)
 *(.fini5)
 *(.fini5)
 *(.fini4)
 *(.fini4)
 *(.fini3)
 *(.fini3)
 *(.fini2)
 *(.fini2)
 *(.fini1)
 *(.fini1)
 *(.fini0)
 .fini0         0x0000000000000ce8        0x4 /usr/lib/gcc/avr/5.4.0/avr5/libgcc.a(_exit.o)
 *(.fini0)
                0x0000000000000cec                _etext = .

.data           0x0000000000800060        0xa load address 0x0000000000000cec
                0x0000000000800060                PROVIDE (__data_start, .)
 *(.data)
 .data          0x0000000000800060        0x0 /usr/lib/gcc/avr/5.4.0/../../../avr/lib/avr5/crtatmega32.o
 .data          0x0000000000800060        0x0 ./DIO_prog.o
 .data          0x0000000000800060        0x0 ./GIE_prog.o
 .data          0x0000000000800060        0x0 ./LED_prog.o
 .data          0x0000000000800060        0x0 ./RTOS_prog.o
 .data          0x0000000000800060        0x0 ./TIM0_prog.o
 .data          0x0000000000800060        0x0 ./main.o
 .data          0x0000000000800060        0x0 /usr/lib/gcc/avr/5.4.0/avr5/libgcc.a(_udivmodsi4.o)
 .data          0x0000000000800060        0x0 /usr/lib/gcc/avr/5.4.0/avr5/libgcc.a(_exit.o)
 .data          0x0000000000800060        0x0 /usr/lib/gcc/avr/5.4.0/avr5/libgcc.a(_tablejump2.o)
 .data          0x0000000000800060        0x0 /usr/lib/gcc/avr/5.4.0/avr5/libgcc.a(_copy_data.o)
 .data          0x0000000000800060        0x0 /usr/lib/gcc/avr/5.4.0/avr5/libgcc.a(_clear_bss.o)
 *(.data*)
 .data.tasks    0x0000000000800060        0x9 ./RTOS_prog.o
                0x0000000000800060                tasks
 .data.reg      0x0000000000800069        0x1 ./main.o
                0x0000000000800069                reg
 *(.rodata)
 *(.rodata*)
 *(.gnu.linkonce.d*)
                0x000000000080006a                . = ALIGN (0x2)
                0x000000000080006a                _edata = .
                0x000000000080006a                PROVIDE (__data_end, .)

.bss            0x000000000080006a        0x8
                0x000000000080006a                PROVIDE (__bss_start, .)
 *(.bss)
 .bss           0x000000000080006a        0x0 /usr/lib/gcc/avr/5.4.0/../../../avr/lib/avr5/crtatmega32.o
 .bss           0x000000000080006a        0x0 ./DIO_prog.o
 .bss           0x000000000080006a        0x0 ./GIE_prog.o
 .bss           0x000000000080006a        0x0 ./LED_prog.o
 .bss           0x000000000080006a        0x0 ./RTOS_prog.o
 .bss           0x000000000080006a        0x0 ./TIM0_prog.o
 .bss           0x000000000080006a        0x0 ./main.o
 .bss           0x000000000080006a        0x0 /usr/lib/gcc/avr/5.4.0/avr5/libgcc.a(_udivmodsi4.o)
 .bss           0x000000000080006a        0x0 /usr/lib/gcc/avr/5.4.0/avr5/libgcc.a(_exit.o)
 .bss           0x000000000080006a        0x0 /usr/lib/gcc/avr/5.4.0/avr5/libgcc.a(_tablejump2.o)
 .bss           0x000000000080006a        0x0 /usr/lib/gcc/avr/5.4.0/avr5/libgcc.a(_copy_data.o)
 .bss           0x000000000080006a        0x0 /usr/lib/gcc/avr/5.4.0/avr5/libgcc.a(_clear_bss.o)
 *(.bss*)
 .bss.tickcount
                0x000000000080006a        0x4 ./RTOS_prog.o
                0x000000000080006a                tickcount
 .bss.counter   0x000000000080006e        0x1 ./RTOS_prog.o
                0x000000000080006e                counter
 .bss.flag      0x000000000080006f        0x1 ./RTOS_prog.o
                0x000000000080006f                flag
 .bss.TIM0_CallBack
                0x0000000000800070        0x2 ./TIM0_prog.o
 *(COMMON)
                0x0000000000800072                PROVIDE (__bss_end, .)
                0x0000000000000cec                __data_load_start = LOADADDR (.data)
                0x0000000000000cf6                __data_load_end = (__data_load_start + SIZEOF (.data))

.noinit         0x0000000000800072        0x0
                [!provide]                        PROVIDE (__noinit_start, .)
 *(.noinit*)
                [!provide]                        PROVIDE (__noinit_end, .)
                0x0000000000800072                _end = .
                [!provide]                        PROVIDE (__heap_start, .)

.eeprom         0x0000000000810000        0x0
 *(.eeprom*)
                0x0000000000810000                __eeprom_end = .

.fuse
 *(.fuse)
 *(.lfuse)
 *(.hfuse)
 *(.efuse)

.lock
 *(.lock*)

.signature
 *(.signature*)

.user_signatures
 *(.user_signatures*)

.stab           0x0000000000000000     0x23ac
 *(.stab)
 .stab          0x0000000000000000      0x870 ./DIO_prog.o
 .stab          0x0000000000000870      0x2dc ./GIE_prog.o
                                        0x354 (size before relaxing)
 .stab          0x0000000000000b4c      0xc9c ./LED_prog.o
                                        0xed0 (size before relaxing)
 .stab          0x00000000000017e8      0x498 ./RTOS_prog.o
                                        0x510 (size before relaxing)
 .stab          0x0000000000001c80      0x3d8 ./TIM0_prog.o
                                        0x450 (size before relaxing)
 .stab          0x0000000000002058      0x354 ./main.o
                                        0x558 (size before relaxing)

.stabstr        0x0000000000000000      0xff2
 *(.stabstr)
 .stabstr       0x0000000000000000      0xff2 ./DIO_prog.o

.stab.excl
 *(.stab.excl)

.stab.exclstr
 *(.stab.exclstr)

.stab.index
 *(.stab.index)

.stab.indexstr
 *(.stab.indexstr)

.comment        0x0000000000000000       0x11
 *(.comment)
 .comment       0x0000000000000000       0x11 ./DIO_prog.o
                                         0x12 (size before relaxing)
 .comment       0x0000000000000011       0x12 ./GIE_prog.o
 .comment       0x0000000000000011       0x12 ./LED_prog.o
 .comment       0x0000000000000011       0x12 ./RTOS_prog.o
 .comment       0x0000000000000011       0x12 ./TIM0_prog.o
 .comment       0x0000000000000011       0x12 ./main.o

.note.gnu.avr.deviceinfo
                0x0000000000000000       0x3c
 .note.gnu.avr.deviceinfo
                0x0000000000000000       0x3c /usr/lib/gcc/avr/5.4.0/../../../avr/lib/avr5/crtatmega32.o

.note.gnu.build-id
 *(.note.gnu.build-id)

.debug
 *(.debug)

.line
 *(.line)

.debug_srcinfo
 *(.debug_srcinfo)

.debug_sfnames
 *(.debug_sfnames)

.debug_aranges
 *(.debug_aranges)

.debug_pubnames
 *(.debug_pubnames)

.debug_info     0x0000000000000000      0x4e6
 *(.debug_info .gnu.linkonce.wi.*)
 .debug_info    0x0000000000000000      0x4e6 /usr/lib/gcc/avr/5.4.0/../../../avr/lib/avr5/crtatmega32.o

.debug_abbrev   0x0000000000000000      0x4a3
 *(.debug_abbrev)
 .debug_abbrev  0x0000000000000000      0x4a3 /usr/lib/gcc/avr/5.4.0/../../../avr/lib/avr5/crtatmega32.o

.debug_line     0x0000000000000000       0x1a
 *(.debug_line .debug_line.* .debug_line_end)
 .debug_line    0x0000000000000000       0x1a /usr/lib/gcc/avr/5.4.0/../../../avr/lib/avr5/crtatmega32.o

.debug_frame
 *(.debug_frame)

.debug_str      0x0000000000000000      0x196
 *(.debug_str)
 .debug_str     0x0000000000000000      0x196 /usr/lib/gcc/avr/5.4.0/../../../avr/lib/avr5/crtatmega32.o

.debug_loc
 *(.debug_loc)

.debug_macinfo
 *(.debug_macinfo)

.debug_weaknames
 *(.debug_weaknames)

.debug_funcnames
 *(.debug_funcnames)

.debug_typenames
 *(.debug_typenames)

.debug_varnames
 *(.debug_varnames)

.debug_pubtypes
 *(.debug_pubtypes)

.debug_ranges
 *(.debug_ranges)

.debug_macro
 *(.debug_macro)
OUTPUT(RTOS_TRY.elf elf32-avr)
LOAD linker stubs
